
> my-app@0.1.0 build
> next build

node.exe : ΓÜá Warning: Next.js 
inferred your workspace root, but it 
may not be correct.
At line:1 char:1
+ & "C:\Program 
Files\nodejs/node.exe" "C:\Program 
Files\nodejs/node_mo ...
+ ~~~~~~~~~~~~~~~~~~~~~~~~~~~~~~~~~~~
~~~~~~~~~~~~~~~~~~~~~~~~~~~~~~~~~~
    + CategoryInfo          : NotSpe 
   cified: (ΓÜá Warning: Ne...not b  
  e correct.:String) [], RemoteExc   
 eption
    + FullyQualifiedErrorId : Native 
   CommandError
 
 We detected multiple lockfiles and 
selected the directory of D:\web deve
lopment\Tech\Frontend\package-lock.js
on as the root directory.
 To silence this warning, set 
`turbopack.root` in your Next.js 
config, or consider removing one of 
the lockfiles if it's not needed.
   See https://nextjs.org/docs/app/ap
i-reference/config/next-config-js/tur
bopack#root-directory for more 
information.
 Detected additional lockfiles: 
   * D:\web development\Tech\Frontend
\my-app\package-lock.json

Γû▓ Next.js 16.1.6 (Turbopack)
- Environments: .env.local

  Creating an optimized production build ...
Γ£ô Compiled successfully in 4.6s
  Running TypeScript ...
Failed to compile.

./src/components/Dashboard/Sidebar.ts
x:124:27
Type error: Property 
'hasNotification' does not exist on 
type '{ name: string; href: string; 
icon: Element; badge?: undefined; } 
| { name: string; href: string; 
icon: Element; badge: string; }'.
  Property 'hasNotification' does 
not exist on type '{ name: string; 
href: string; icon: Element; badge?: 
undefined; }'.

[0m [90m 122 |[39m                
   {[90m/* Status Markers */[39m}
 [90m 123 |[39m                   
[33m<[39m[33mdiv[39m 
className[33m=[39m[32m"flex 
items-center"[39m[33m>[39m
[31m[1m>[22m[39m[90m 124 |[39m 
                    
{item[33m.[39mhasNotification 
[33m&&[39m (
 [90m     |[39m                    
       [31m[1m^[22m[39m
 [90m 125 |[39m                    
   [33m<[39m[33mdiv[39m 
className[33m=[39m[32m"w-2.5 
h-2.5 bg-red-600 rounded-full shadow-
[0_0_8px_rgba(220,38,38,0.5)]"[39m 
[33m/[39m[33m>[39m
 [90m 126 |[39m                    
 )}
 [90m 127 |[39m                    
 {item[33m.[39mbadge [33m&&[39m 
([0m
Next.js build worker exited with 
code: 1 and signal: null
